// Jest Snapshot v1, https://goo.gl/fbAQLP

exports[`menu navigation 1`] = `
<div
  id="app"
>
  <h1>
    Poop and pee
  </h1>
  <div
    className="menu rendered"
    id="main"
  >
    <h1
      id="main-menu-title"
    >
      PaddleBallOnline
    </h1>
    <button
      className="menu-btn"
      id="play-now-btn"
      onClick={[Function]}
    >
      Play Now
    </button>
    <button
      className="menu-btn"
      id="private-game-btn"
      onClick={[Function]}
    >
      Private Game
    </button>
  </div>
  <div
    className="menu hidden"
    id="private-game"
  >
    <h1
      id="private-game-menu-title"
    >
      Private Game
    </h1>
    <button
      className="menu-btn"
      id="create-game-btn"
      onClick={[Function]}
    >
      Create Game
    </button>
    <button
      className="menu-btn"
      id="join-game-btn"
      onClick={[Function]}
    >
      Join Game
    </button>
    <button
      className="back-btn"
      id="private-game-menu-back-btn"
      onClick={[Function]}
    >
      back
    </button>
  </div>
  <div
    className="menu hidden"
    id="create-game"
  >
    <button
      className="back-btn"
      id="create-game-menu-back-btn"
      onClick={[Function]}
    >
      back
    </button>
    <h2>
      Choose Game Options
    </h2>
    <div
      className="input-table"
      id="create-game-input-table"
    >
      <div
        className="table-input"
      >
        <label
          className="form-label"
          for="input-undefined-0"
        >
          Players
        </label>
        <input
          className="form-input"
          id="input-undefined-0"
          max="4"
          min="2"
          name="input-undefined-0"
          type="number"
          value="2"
        />
        <br />
      </div>
      <div
        className="table-input"
      >
        <label
          className="form-label"
          for="input-input-undefined-0-1"
        >
          Abilities
        </label>
        <input
          className="form-input"
          id="input-input-undefined-0-1"
          max="3"
          min="0"
          name="input-input-undefined-0-1"
          type="number"
          value="1"
        />
        <br />
      </div>
      <div
        className="table-input"
      >
        <label
          className="form-label"
          for="input-input-input-undefined-0-1-2"
        >
          Player Speed
        </label>
        <input
          className="form-input"
          id="input-input-input-undefined-0-1-2"
          max="10"
          min="0"
          name="input-input-input-undefined-0-1-2"
          type="range"
          value="5"
        />
        <br />
      </div>
      <div
        className="table-input"
      >
        <label
          className="form-label"
          for="input-input-input-input-undefined-0-1-2-3"
        >
          Player Size
        </label>
        <input
          className="form-input"
          id="input-input-input-input-undefined-0-1-2-3"
          max="10"
          min="0"
          name="input-input-input-input-undefined-0-1-2-3"
          type="range"
          value="5"
        />
        <br />
      </div>
      <div
        className="table-input"
      >
        <label
          className="form-label"
          for="input-input-input-input-input-undefined-0-1-2-3-4"
        >
          Ball Speed
        </label>
        <input
          className="form-input"
          id="input-input-input-input-input-undefined-0-1-2-3-4"
          max="10"
          min="0"
          name="input-input-input-input-input-undefined-0-1-2-3-4"
          type="range"
          value="5"
        />
        <br />
      </div>
      <div
        className="table-input"
      >
        <label
          className="form-label"
          for="input-input-input-input-input-input-undefined-0-1-2-3-4-5"
        >
          Ball Size
        </label>
        <input
          className="form-input"
          id="input-input-input-input-input-input-undefined-0-1-2-3-4-5"
          max="10"
          min="0"
          name="input-input-input-input-input-input-undefined-0-1-2-3-4-5"
          type="range"
          value="5"
        />
        <br />
      </div>
      <div
        className="table-input"
      >
        <label
          className="form-label"
          for="input-input-input-input-input-input-input-undefined-0-1-2-3-4-5-6"
        >
          Ball Spin
        </label>
        <input
          className="form-input"
          id="input-input-input-input-input-input-input-undefined-0-1-2-3-4-5-6"
          max="10"
          min="0"
          name="input-input-input-input-input-input-input-undefined-0-1-2-3-4-5-6"
          type="range"
          value="5"
        />
        <br />
      </div>
    </div>
    <button
      className="menu-btn"
      id="create-lobby-btn"
      onClick={[Function]}
    >
      Go
    </button>
  </div>
  <div
    className="menu hidden"
    id="choose-loadout"
  >
    <h1>
      Choose Loadout
    </h1>
    <button
      className="back-btn"
      id="choose-loadout-menu-back-btn"
      onClick={[Function]}
    >
      back
    </button>
    <div
      className="input-table"
      id="choose-loadout-input-table"
    >
      <div
        className="table-input"
      >
        <label
          className="form-label"
          for="input-undefined-0"
        >
          Speed
        </label>
        <input
          className="form-input"
          id="input-undefined-0"
          max="10"
          min="0"
          name="input-undefined-0"
          type="range"
          value="5"
        />
        <br />
      </div>
      <div
        className="table-input"
      >
        <label
          className="form-label"
          for="input-input-undefined-0-1"
        >
          Length
        </label>
        <input
          className="form-input"
          id="input-input-undefined-0-1"
          max="10"
          min="0"
          name="input-input-undefined-0-1"
          type="range"
          value="5"
        />
        <br />
      </div>
      <div
        className="table-input"
      >
        <label
          className="form-label"
          for="input-input-input-undefined-0-1-2"
        >
          Turning Speed
        </label>
        <input
          className="form-input"
          id="input-input-input-undefined-0-1-2"
          max="10"
          min="0"
          name="input-input-input-undefined-0-1-2"
          type="range"
          value="5"
        />
        <br />
      </div>
    </div>
    <button
      className="menu-btn"
      id="choose-loadout-btn"
      onClick={[Function]}
    >
      Go
    </button>
  </div>
  <div
    className="menu hidden"
    id="lobby"
  >
    <h2>
      Choose Sides
    </h2>
    <div
      className="lobby"
      id="players-lobby"
    >
      <div
        id="Good Guys"
      />
      <div
        id="Bad Guys"
      />
    </div>
    <button
      className="menu-btn"
      id="ready-btn"
      onClick={[Function]}
    >
      Ready
    </button>
  </div>
  <div
    className="menu hidden"
    id="game"
  >
    <div
      className="game-container"
      id="default-game-container"
    >
      <p>
        Game Container
      </p>
    </div>
  </div>
  <div
    className="alert hidden"
    id="game-code"
  >
    <h1>
      Enter GameCode
    </h1>
    <button
      className="back-btn"
      id="game-code-alert-back-btn"
      onClick={[Function]}
    >
      back
    </button>
  </div>
  <div
    className="alert hidden"
    id="username"
  >
    <h1>
      Username
    </h1>
    <button
      className="back-btn"
      id="username-alert-back-btn"
      onClick={[Function]}
    >
      back
    </button>
  </div>
</div>
`;

exports[`menu navigation 2`] = `
<div
  id="app"
>
  <h1>
    Poop and pee
  </h1>
  <div
    className="menu rendered"
    id="main"
  >
    <h1
      id="main-menu-title"
    >
      PaddleBallOnline
    </h1>
    <button
      className="menu-btn"
      id="play-now-btn"
      onClick={[Function]}
    >
      Play Now
    </button>
    <button
      className="menu-btn"
      id="private-game-btn"
      onClick={[Function]}
    >
      Private Game
    </button>
  </div>
  <div
    className="menu hidden"
    id="private-game"
  >
    <h1
      id="private-game-menu-title"
    >
      Private Game
    </h1>
    <button
      className="menu-btn"
      id="create-game-btn"
      onClick={[Function]}
    >
      Create Game
    </button>
    <button
      className="menu-btn"
      id="join-game-btn"
      onClick={[Function]}
    >
      Join Game
    </button>
    <button
      className="back-btn"
      id="private-game-menu-back-btn"
      onClick={[Function]}
    >
      back
    </button>
  </div>
  <div
    className="menu hidden"
    id="create-game"
  >
    <button
      className="back-btn"
      id="create-game-menu-back-btn"
      onClick={[Function]}
    >
      back
    </button>
    <h2>
      Choose Game Options
    </h2>
    <div
      className="input-table"
      id="create-game-input-table"
    >
      <div
        className="table-input"
      >
        <label
          className="form-label"
          for="input-undefined-0"
        >
          Players
        </label>
        <input
          className="form-input"
          id="input-undefined-0"
          max="4"
          min="2"
          name="input-undefined-0"
          type="number"
          value="2"
        />
        <br />
      </div>
      <div
        className="table-input"
      >
        <label
          className="form-label"
          for="input-input-undefined-0-1"
        >
          Abilities
        </label>
        <input
          className="form-input"
          id="input-input-undefined-0-1"
          max="3"
          min="0"
          name="input-input-undefined-0-1"
          type="number"
          value="1"
        />
        <br />
      </div>
      <div
        className="table-input"
      >
        <label
          className="form-label"
          for="input-input-input-undefined-0-1-2"
        >
          Player Speed
        </label>
        <input
          className="form-input"
          id="input-input-input-undefined-0-1-2"
          max="10"
          min="0"
          name="input-input-input-undefined-0-1-2"
          type="range"
          value="5"
        />
        <br />
      </div>
      <div
        className="table-input"
      >
        <label
          className="form-label"
          for="input-input-input-input-undefined-0-1-2-3"
        >
          Player Size
        </label>
        <input
          className="form-input"
          id="input-input-input-input-undefined-0-1-2-3"
          max="10"
          min="0"
          name="input-input-input-input-undefined-0-1-2-3"
          type="range"
          value="5"
        />
        <br />
      </div>
      <div
        className="table-input"
      >
        <label
          className="form-label"
          for="input-input-input-input-input-undefined-0-1-2-3-4"
        >
          Ball Speed
        </label>
        <input
          className="form-input"
          id="input-input-input-input-input-undefined-0-1-2-3-4"
          max="10"
          min="0"
          name="input-input-input-input-input-undefined-0-1-2-3-4"
          type="range"
          value="5"
        />
        <br />
      </div>
      <div
        className="table-input"
      >
        <label
          className="form-label"
          for="input-input-input-input-input-input-undefined-0-1-2-3-4-5"
        >
          Ball Size
        </label>
        <input
          className="form-input"
          id="input-input-input-input-input-input-undefined-0-1-2-3-4-5"
          max="10"
          min="0"
          name="input-input-input-input-input-input-undefined-0-1-2-3-4-5"
          type="range"
          value="5"
        />
        <br />
      </div>
      <div
        className="table-input"
      >
        <label
          className="form-label"
          for="input-input-input-input-input-input-input-undefined-0-1-2-3-4-5-6"
        >
          Ball Spin
        </label>
        <input
          className="form-input"
          id="input-input-input-input-input-input-input-undefined-0-1-2-3-4-5-6"
          max="10"
          min="0"
          name="input-input-input-input-input-input-input-undefined-0-1-2-3-4-5-6"
          type="range"
          value="5"
        />
        <br />
      </div>
    </div>
    <button
      className="menu-btn"
      id="create-lobby-btn"
      onClick={[Function]}
    >
      Go
    </button>
  </div>
  <div
    className="menu hidden"
    id="choose-loadout"
  >
    <h1>
      Choose Loadout
    </h1>
    <button
      className="back-btn"
      id="choose-loadout-menu-back-btn"
      onClick={[Function]}
    >
      back
    </button>
    <div
      className="input-table"
      id="choose-loadout-input-table"
    >
      <div
        className="table-input"
      >
        <label
          className="form-label"
          for="input-undefined-0"
        >
          Speed
        </label>
        <input
          className="form-input"
          id="input-undefined-0"
          max="10"
          min="0"
          name="input-undefined-0"
          type="range"
          value="5"
        />
        <br />
      </div>
      <div
        className="table-input"
      >
        <label
          className="form-label"
          for="input-input-undefined-0-1"
        >
          Length
        </label>
        <input
          className="form-input"
          id="input-input-undefined-0-1"
          max="10"
          min="0"
          name="input-input-undefined-0-1"
          type="range"
          value="5"
        />
        <br />
      </div>
      <div
        className="table-input"
      >
        <label
          className="form-label"
          for="input-input-input-undefined-0-1-2"
        >
          Turning Speed
        </label>
        <input
          className="form-input"
          id="input-input-input-undefined-0-1-2"
          max="10"
          min="0"
          name="input-input-input-undefined-0-1-2"
          type="range"
          value="5"
        />
        <br />
      </div>
    </div>
    <button
      className="menu-btn"
      id="choose-loadout-btn"
      onClick={[Function]}
    >
      Go
    </button>
  </div>
  <div
    className="menu hidden"
    id="lobby"
  >
    <h2>
      Choose Sides
    </h2>
    <div
      className="lobby"
      id="players-lobby"
    >
      <div
        id="Good Guys"
      />
      <div
        id="Bad Guys"
      />
    </div>
    <button
      className="menu-btn"
      id="ready-btn"
      onClick={[Function]}
    >
      Ready
    </button>
  </div>
  <div
    className="menu hidden"
    id="game"
  >
    <div
      className="game-container"
      id="default-game-container"
    >
      <p>
        Game Container
      </p>
    </div>
  </div>
  <div
    className="alert hidden"
    id="game-code"
  >
    <h1>
      Enter GameCode
    </h1>
    <button
      className="back-btn"
      id="game-code-alert-back-btn"
      onClick={[Function]}
    >
      back
    </button>
  </div>
  <div
    className="alert rendered"
    id="username"
  >
    <h1>
      Username
    </h1>
    <button
      className="back-btn"
      id="username-alert-back-btn"
      onClick={[Function]}
    >
      back
    </button>
  </div>
</div>
`;

exports[`menu navigation 3`] = `
<div
  id="app"
>
  <h1>
    Poop and pee
  </h1>
  <div
    className="menu rendered"
    id="main"
  >
    <h1
      id="main-menu-title"
    >
      PaddleBallOnline
    </h1>
    <button
      className="menu-btn"
      id="play-now-btn"
      onClick={[Function]}
    >
      Play Now
    </button>
    <button
      className="menu-btn"
      id="private-game-btn"
      onClick={[Function]}
    >
      Private Game
    </button>
  </div>
  <div
    className="menu hidden"
    id="private-game"
  >
    <h1
      id="private-game-menu-title"
    >
      Private Game
    </h1>
    <button
      className="menu-btn"
      id="create-game-btn"
      onClick={[Function]}
    >
      Create Game
    </button>
    <button
      className="menu-btn"
      id="join-game-btn"
      onClick={[Function]}
    >
      Join Game
    </button>
    <button
      className="back-btn"
      id="private-game-menu-back-btn"
      onClick={[Function]}
    >
      back
    </button>
  </div>
  <div
    className="menu hidden"
    id="create-game"
  >
    <button
      className="back-btn"
      id="create-game-menu-back-btn"
      onClick={[Function]}
    >
      back
    </button>
    <h2>
      Choose Game Options
    </h2>
    <div
      className="input-table"
      id="create-game-input-table"
    >
      <div
        className="table-input"
      >
        <label
          className="form-label"
          for="input-undefined-0"
        >
          Players
        </label>
        <input
          className="form-input"
          id="input-undefined-0"
          max="4"
          min="2"
          name="input-undefined-0"
          type="number"
          value="2"
        />
        <br />
      </div>
      <div
        className="table-input"
      >
        <label
          className="form-label"
          for="input-input-undefined-0-1"
        >
          Abilities
        </label>
        <input
          className="form-input"
          id="input-input-undefined-0-1"
          max="3"
          min="0"
          name="input-input-undefined-0-1"
          type="number"
          value="1"
        />
        <br />
      </div>
      <div
        className="table-input"
      >
        <label
          className="form-label"
          for="input-input-input-undefined-0-1-2"
        >
          Player Speed
        </label>
        <input
          className="form-input"
          id="input-input-input-undefined-0-1-2"
          max="10"
          min="0"
          name="input-input-input-undefined-0-1-2"
          type="range"
          value="5"
        />
        <br />
      </div>
      <div
        className="table-input"
      >
        <label
          className="form-label"
          for="input-input-input-input-undefined-0-1-2-3"
        >
          Player Size
        </label>
        <input
          className="form-input"
          id="input-input-input-input-undefined-0-1-2-3"
          max="10"
          min="0"
          name="input-input-input-input-undefined-0-1-2-3"
          type="range"
          value="5"
        />
        <br />
      </div>
      <div
        className="table-input"
      >
        <label
          className="form-label"
          for="input-input-input-input-input-undefined-0-1-2-3-4"
        >
          Ball Speed
        </label>
        <input
          className="form-input"
          id="input-input-input-input-input-undefined-0-1-2-3-4"
          max="10"
          min="0"
          name="input-input-input-input-input-undefined-0-1-2-3-4"
          type="range"
          value="5"
        />
        <br />
      </div>
      <div
        className="table-input"
      >
        <label
          className="form-label"
          for="input-input-input-input-input-input-undefined-0-1-2-3-4-5"
        >
          Ball Size
        </label>
        <input
          className="form-input"
          id="input-input-input-input-input-input-undefined-0-1-2-3-4-5"
          max="10"
          min="0"
          name="input-input-input-input-input-input-undefined-0-1-2-3-4-5"
          type="range"
          value="5"
        />
        <br />
      </div>
      <div
        className="table-input"
      >
        <label
          className="form-label"
          for="input-input-input-input-input-input-input-undefined-0-1-2-3-4-5-6"
        >
          Ball Spin
        </label>
        <input
          className="form-input"
          id="input-input-input-input-input-input-input-undefined-0-1-2-3-4-5-6"
          max="10"
          min="0"
          name="input-input-input-input-input-input-input-undefined-0-1-2-3-4-5-6"
          type="range"
          value="5"
        />
        <br />
      </div>
    </div>
    <button
      className="menu-btn"
      id="create-lobby-btn"
      onClick={[Function]}
    >
      Go
    </button>
  </div>
  <div
    className="menu hidden"
    id="choose-loadout"
  >
    <h1>
      Choose Loadout
    </h1>
    <button
      className="back-btn"
      id="choose-loadout-menu-back-btn"
      onClick={[Function]}
    >
      back
    </button>
    <div
      className="input-table"
      id="choose-loadout-input-table"
    >
      <div
        className="table-input"
      >
        <label
          className="form-label"
          for="input-undefined-0"
        >
          Speed
        </label>
        <input
          className="form-input"
          id="input-undefined-0"
          max="10"
          min="0"
          name="input-undefined-0"
          type="range"
          value="5"
        />
        <br />
      </div>
      <div
        className="table-input"
      >
        <label
          className="form-label"
          for="input-input-undefined-0-1"
        >
          Length
        </label>
        <input
          className="form-input"
          id="input-input-undefined-0-1"
          max="10"
          min="0"
          name="input-input-undefined-0-1"
          type="range"
          value="5"
        />
        <br />
      </div>
      <div
        className="table-input"
      >
        <label
          className="form-label"
          for="input-input-input-undefined-0-1-2"
        >
          Turning Speed
        </label>
        <input
          className="form-input"
          id="input-input-input-undefined-0-1-2"
          max="10"
          min="0"
          name="input-input-input-undefined-0-1-2"
          type="range"
          value="5"
        />
        <br />
      </div>
    </div>
    <button
      className="menu-btn"
      id="choose-loadout-btn"
      onClick={[Function]}
    >
      Go
    </button>
  </div>
  <div
    className="menu hidden"
    id="lobby"
  >
    <h2>
      Choose Sides
    </h2>
    <div
      className="lobby"
      id="players-lobby"
    >
      <div
        id="Good Guys"
      />
      <div
        id="Bad Guys"
      />
    </div>
    <button
      className="menu-btn"
      id="ready-btn"
      onClick={[Function]}
    >
      Ready
    </button>
  </div>
  <div
    className="menu hidden"
    id="game"
  >
    <div
      className="game-container"
      id="default-game-container"
    >
      <p>
        Game Container
      </p>
    </div>
  </div>
  <div
    className="alert hidden"
    id="game-code"
  >
    <h1>
      Enter GameCode
    </h1>
    <button
      className="back-btn"
      id="game-code-alert-back-btn"
      onClick={[Function]}
    >
      back
    </button>
  </div>
  <div
    className="alert hidden"
    id="username"
  >
    <h1>
      Username
    </h1>
    <button
      className="back-btn"
      id="username-alert-back-btn"
      onClick={[Function]}
    >
      back
    </button>
  </div>
</div>
`;

exports[`menu navigation 4`] = `
<div
  id="app"
>
  <h1>
    Poop and pee
  </h1>
  <div
    className="menu hidden"
    id="main"
  >
    <h1
      id="main-menu-title"
    >
      PaddleBallOnline
    </h1>
    <button
      className="menu-btn"
      id="play-now-btn"
      onClick={[Function]}
    >
      Play Now
    </button>
    <button
      className="menu-btn"
      id="private-game-btn"
      onClick={[Function]}
    >
      Private Game
    </button>
  </div>
  <div
    className="menu rendered"
    id="private-game"
  >
    <h1
      id="private-game-menu-title"
    >
      Private Game
    </h1>
    <button
      className="menu-btn"
      id="create-game-btn"
      onClick={[Function]}
    >
      Create Game
    </button>
    <button
      className="menu-btn"
      id="join-game-btn"
      onClick={[Function]}
    >
      Join Game
    </button>
    <button
      className="back-btn"
      id="private-game-menu-back-btn"
      onClick={[Function]}
    >
      back
    </button>
  </div>
  <div
    className="menu hidden"
    id="create-game"
  >
    <button
      className="back-btn"
      id="create-game-menu-back-btn"
      onClick={[Function]}
    >
      back
    </button>
    <h2>
      Choose Game Options
    </h2>
    <div
      className="input-table"
      id="create-game-input-table"
    >
      <div
        className="table-input"
      >
        <label
          className="form-label"
          for="input-undefined-0"
        >
          Players
        </label>
        <input
          className="form-input"
          id="input-undefined-0"
          max="4"
          min="2"
          name="input-undefined-0"
          type="number"
          value="2"
        />
        <br />
      </div>
      <div
        className="table-input"
      >
        <label
          className="form-label"
          for="input-input-undefined-0-1"
        >
          Abilities
        </label>
        <input
          className="form-input"
          id="input-input-undefined-0-1"
          max="3"
          min="0"
          name="input-input-undefined-0-1"
          type="number"
          value="1"
        />
        <br />
      </div>
      <div
        className="table-input"
      >
        <label
          className="form-label"
          for="input-input-input-undefined-0-1-2"
        >
          Player Speed
        </label>
        <input
          className="form-input"
          id="input-input-input-undefined-0-1-2"
          max="10"
          min="0"
          name="input-input-input-undefined-0-1-2"
          type="range"
          value="5"
        />
        <br />
      </div>
      <div
        className="table-input"
      >
        <label
          className="form-label"
          for="input-input-input-input-undefined-0-1-2-3"
        >
          Player Size
        </label>
        <input
          className="form-input"
          id="input-input-input-input-undefined-0-1-2-3"
          max="10"
          min="0"
          name="input-input-input-input-undefined-0-1-2-3"
          type="range"
          value="5"
        />
        <br />
      </div>
      <div
        className="table-input"
      >
        <label
          className="form-label"
          for="input-input-input-input-input-undefined-0-1-2-3-4"
        >
          Ball Speed
        </label>
        <input
          className="form-input"
          id="input-input-input-input-input-undefined-0-1-2-3-4"
          max="10"
          min="0"
          name="input-input-input-input-input-undefined-0-1-2-3-4"
          type="range"
          value="5"
        />
        <br />
      </div>
      <div
        className="table-input"
      >
        <label
          className="form-label"
          for="input-input-input-input-input-input-undefined-0-1-2-3-4-5"
        >
          Ball Size
        </label>
        <input
          className="form-input"
          id="input-input-input-input-input-input-undefined-0-1-2-3-4-5"
          max="10"
          min="0"
          name="input-input-input-input-input-input-undefined-0-1-2-3-4-5"
          type="range"
          value="5"
        />
        <br />
      </div>
      <div
        className="table-input"
      >
        <label
          className="form-label"
          for="input-input-input-input-input-input-input-undefined-0-1-2-3-4-5-6"
        >
          Ball Spin
        </label>
        <input
          className="form-input"
          id="input-input-input-input-input-input-input-undefined-0-1-2-3-4-5-6"
          max="10"
          min="0"
          name="input-input-input-input-input-input-input-undefined-0-1-2-3-4-5-6"
          type="range"
          value="5"
        />
        <br />
      </div>
    </div>
    <button
      className="menu-btn"
      id="create-lobby-btn"
      onClick={[Function]}
    >
      Go
    </button>
  </div>
  <div
    className="menu hidden"
    id="choose-loadout"
  >
    <h1>
      Choose Loadout
    </h1>
    <button
      className="back-btn"
      id="choose-loadout-menu-back-btn"
      onClick={[Function]}
    >
      back
    </button>
    <div
      className="input-table"
      id="choose-loadout-input-table"
    >
      <div
        className="table-input"
      >
        <label
          className="form-label"
          for="input-undefined-0"
        >
          Speed
        </label>
        <input
          className="form-input"
          id="input-undefined-0"
          max="10"
          min="0"
          name="input-undefined-0"
          type="range"
          value="5"
        />
        <br />
      </div>
      <div
        className="table-input"
      >
        <label
          className="form-label"
          for="input-input-undefined-0-1"
        >
          Length
        </label>
        <input
          className="form-input"
          id="input-input-undefined-0-1"
          max="10"
          min="0"
          name="input-input-undefined-0-1"
          type="range"
          value="5"
        />
        <br />
      </div>
      <div
        className="table-input"
      >
        <label
          className="form-label"
          for="input-input-input-undefined-0-1-2"
        >
          Turning Speed
        </label>
        <input
          className="form-input"
          id="input-input-input-undefined-0-1-2"
          max="10"
          min="0"
          name="input-input-input-undefined-0-1-2"
          type="range"
          value="5"
        />
        <br />
      </div>
    </div>
    <button
      className="menu-btn"
      id="choose-loadout-btn"
      onClick={[Function]}
    >
      Go
    </button>
  </div>
  <div
    className="menu hidden"
    id="lobby"
  >
    <h2>
      Choose Sides
    </h2>
    <div
      className="lobby"
      id="players-lobby"
    >
      <div
        id="Good Guys"
      />
      <div
        id="Bad Guys"
      />
    </div>
    <button
      className="menu-btn"
      id="ready-btn"
      onClick={[Function]}
    >
      Ready
    </button>
  </div>
  <div
    className="menu hidden"
    id="game"
  >
    <div
      className="game-container"
      id="default-game-container"
    >
      <p>
        Game Container
      </p>
    </div>
  </div>
  <div
    className="alert hidden"
    id="game-code"
  >
    <h1>
      Enter GameCode
    </h1>
    <button
      className="back-btn"
      id="game-code-alert-back-btn"
      onClick={[Function]}
    >
      back
    </button>
  </div>
  <div
    className="alert hidden"
    id="username"
  >
    <h1>
      Username
    </h1>
    <button
      className="back-btn"
      id="username-alert-back-btn"
      onClick={[Function]}
    >
      back
    </button>
  </div>
</div>
`;

exports[`menu navigation 5`] = `
<div
  id="app"
>
  <h1>
    Poop and pee
  </h1>
  <div
    className="menu rendered"
    id="main"
  >
    <h1
      id="main-menu-title"
    >
      PaddleBallOnline
    </h1>
    <button
      className="menu-btn"
      id="play-now-btn"
      onClick={[Function]}
    >
      Play Now
    </button>
    <button
      className="menu-btn"
      id="private-game-btn"
      onClick={[Function]}
    >
      Private Game
    </button>
  </div>
  <div
    className="menu hidden"
    id="private-game"
  >
    <h1
      id="private-game-menu-title"
    >
      Private Game
    </h1>
    <button
      className="menu-btn"
      id="create-game-btn"
      onClick={[Function]}
    >
      Create Game
    </button>
    <button
      className="menu-btn"
      id="join-game-btn"
      onClick={[Function]}
    >
      Join Game
    </button>
    <button
      className="back-btn"
      id="private-game-menu-back-btn"
      onClick={[Function]}
    >
      back
    </button>
  </div>
  <div
    className="menu hidden"
    id="create-game"
  >
    <button
      className="back-btn"
      id="create-game-menu-back-btn"
      onClick={[Function]}
    >
      back
    </button>
    <h2>
      Choose Game Options
    </h2>
    <div
      className="input-table"
      id="create-game-input-table"
    >
      <div
        className="table-input"
      >
        <label
          className="form-label"
          for="input-undefined-0"
        >
          Players
        </label>
        <input
          className="form-input"
          id="input-undefined-0"
          max="4"
          min="2"
          name="input-undefined-0"
          type="number"
          value="2"
        />
        <br />
      </div>
      <div
        className="table-input"
      >
        <label
          className="form-label"
          for="input-input-undefined-0-1"
        >
          Abilities
        </label>
        <input
          className="form-input"
          id="input-input-undefined-0-1"
          max="3"
          min="0"
          name="input-input-undefined-0-1"
          type="number"
          value="1"
        />
        <br />
      </div>
      <div
        className="table-input"
      >
        <label
          className="form-label"
          for="input-input-input-undefined-0-1-2"
        >
          Player Speed
        </label>
        <input
          className="form-input"
          id="input-input-input-undefined-0-1-2"
          max="10"
          min="0"
          name="input-input-input-undefined-0-1-2"
          type="range"
          value="5"
        />
        <br />
      </div>
      <div
        className="table-input"
      >
        <label
          className="form-label"
          for="input-input-input-input-undefined-0-1-2-3"
        >
          Player Size
        </label>
        <input
          className="form-input"
          id="input-input-input-input-undefined-0-1-2-3"
          max="10"
          min="0"
          name="input-input-input-input-undefined-0-1-2-3"
          type="range"
          value="5"
        />
        <br />
      </div>
      <div
        className="table-input"
      >
        <label
          className="form-label"
          for="input-input-input-input-input-undefined-0-1-2-3-4"
        >
          Ball Speed
        </label>
        <input
          className="form-input"
          id="input-input-input-input-input-undefined-0-1-2-3-4"
          max="10"
          min="0"
          name="input-input-input-input-input-undefined-0-1-2-3-4"
          type="range"
          value="5"
        />
        <br />
      </div>
      <div
        className="table-input"
      >
        <label
          className="form-label"
          for="input-input-input-input-input-input-undefined-0-1-2-3-4-5"
        >
          Ball Size
        </label>
        <input
          className="form-input"
          id="input-input-input-input-input-input-undefined-0-1-2-3-4-5"
          max="10"
          min="0"
          name="input-input-input-input-input-input-undefined-0-1-2-3-4-5"
          type="range"
          value="5"
        />
        <br />
      </div>
      <div
        className="table-input"
      >
        <label
          className="form-label"
          for="input-input-input-input-input-input-input-undefined-0-1-2-3-4-5-6"
        >
          Ball Spin
        </label>
        <input
          className="form-input"
          id="input-input-input-input-input-input-input-undefined-0-1-2-3-4-5-6"
          max="10"
          min="0"
          name="input-input-input-input-input-input-input-undefined-0-1-2-3-4-5-6"
          type="range"
          value="5"
        />
        <br />
      </div>
    </div>
    <button
      className="menu-btn"
      id="create-lobby-btn"
      onClick={[Function]}
    >
      Go
    </button>
  </div>
  <div
    className="menu hidden"
    id="choose-loadout"
  >
    <h1>
      Choose Loadout
    </h1>
    <button
      className="back-btn"
      id="choose-loadout-menu-back-btn"
      onClick={[Function]}
    >
      back
    </button>
    <div
      className="input-table"
      id="choose-loadout-input-table"
    >
      <div
        className="table-input"
      >
        <label
          className="form-label"
          for="input-undefined-0"
        >
          Speed
        </label>
        <input
          className="form-input"
          id="input-undefined-0"
          max="10"
          min="0"
          name="input-undefined-0"
          type="range"
          value="5"
        />
        <br />
      </div>
      <div
        className="table-input"
      >
        <label
          className="form-label"
          for="input-input-undefined-0-1"
        >
          Length
        </label>
        <input
          className="form-input"
          id="input-input-undefined-0-1"
          max="10"
          min="0"
          name="input-input-undefined-0-1"
          type="range"
          value="5"
        />
        <br />
      </div>
      <div
        className="table-input"
      >
        <label
          className="form-label"
          for="input-input-input-undefined-0-1-2"
        >
          Turning Speed
        </label>
        <input
          className="form-input"
          id="input-input-input-undefined-0-1-2"
          max="10"
          min="0"
          name="input-input-input-undefined-0-1-2"
          type="range"
          value="5"
        />
        <br />
      </div>
    </div>
    <button
      className="menu-btn"
      id="choose-loadout-btn"
      onClick={[Function]}
    >
      Go
    </button>
  </div>
  <div
    className="menu hidden"
    id="lobby"
  >
    <h2>
      Choose Sides
    </h2>
    <div
      className="lobby"
      id="players-lobby"
    >
      <div
        id="Good Guys"
      />
      <div
        id="Bad Guys"
      />
    </div>
    <button
      className="menu-btn"
      id="ready-btn"
      onClick={[Function]}
    >
      Ready
    </button>
  </div>
  <div
    className="menu hidden"
    id="game"
  >
    <div
      className="game-container"
      id="default-game-container"
    >
      <p>
        Game Container
      </p>
    </div>
  </div>
  <div
    className="alert hidden"
    id="game-code"
  >
    <h1>
      Enter GameCode
    </h1>
    <button
      className="back-btn"
      id="game-code-alert-back-btn"
      onClick={[Function]}
    >
      back
    </button>
  </div>
  <div
    className="alert hidden"
    id="username"
  >
    <h1>
      Username
    </h1>
    <button
      className="back-btn"
      id="username-alert-back-btn"
      onClick={[Function]}
    >
      back
    </button>
  </div>
</div>
`;
